de.metas.rest_api.bpartner.response.JsonResponseBPartnerUpsertItemTest.serializeTest=[
  {
    "identifier": "val-12345",
    "metasfreshId": 23
  }
]